// Jest Snapshot v1, https://goo.gl/fbAQLP

exports[`useCosmosStakingBalances returns active and non active staking opportunities when staking and validators data are loaded 1`] = `
Array [
  Object {
    "assetId": "cosmos:cosmoshub-4/slip44:118",
    "chainId": "cosmos:cosmoshub-4",
    "cryptoAmount": "0.000004",
    "fiatAmount": "0.00",
    "isLoaded": false,
    "rewards": "0",
    "totalDelegations": "4",
    "tvl": "0",
  },
  Object {
    "address": "cosmosvaloper199mlc7fr6ll5t54w7tts7f4s0cvnqgc59nmuxf",
    "apr": "0.24",
    "assetId": "cosmos:cosmoshub-4/slip44:118",
    "chainId": "cosmos:cosmoshub-4",
    "commission": "0.100000000000000000",
    "cryptoAmount": "0.010115",
    "fiatAmount": "0.78",
    "isLoaded": true,
    "moniker": "Shapeshift DAO",
    "rewards": "3.831752143667562385",
    "tokens": "111111",
    "totalDelegations": "10115",
    "tvl": "8.61665805",
  },
  Object {
    "assetId": "cosmos:cosmoshub-4/slip44:118",
    "chainId": "cosmos:cosmoshub-4",
    "cryptoAmount": "0.005",
    "fiatAmount": "0.39",
    "isLoaded": false,
    "rewards": "12.688084635379675",
    "totalDelegations": "5000",
    "tvl": "0",
  },
]
`;

exports[`useCosmosStakingBalances returns empty array for active opportunities and the shapeshift validator as a staking opportunity when staking data is empty and validators data are loaded 1`] = `Array []`;
